// Jest Snapshot v1, https://goo.gl/fbAQLP

exports[`Chat Renders without crashing 1`] = `
<div
  class="main"
>
  <div
    class="header"
  >
    <button>
      Change Username
    </button>
  </div>
  <div>
    <div
      class="messages loading"
    >
      Loading messages
    </div>
    <form
      class="message-form"
    >
      <textarea />
      <button>
        Send
      </button>
    </form>
  </div>
</div>
`;
